
> quocbanknew@0.1.0 build
> next build

   ▲ Next.js 16.0.7 (Turbopack)
   - Environments: .env

   Creating an optimized production build ...
 ✓ Compiled successfully in 3.2s
   Running TypeScript ...
   Collecting page data using 15 workers ...
   Generating static pages using 15 workers (0/19) ...
   Generating static pages using 15 workers (4/19) 
   Generating static pages using 15 workers (9/19) 
   Generating static pages using 15 workers (14/19) 
 ✓ Generating static pages using 15 workers (19/19) in 661.2ms
   Finalizing page optimization ...

Route (app)
┌ ƒ /
├ ○ /_not-found
├ ƒ /api/accounts/create
├ ƒ /api/accounts/list
├ ƒ /api/accounts/search
├ ƒ /api/auth/logout
├ ƒ /api/transactions/list
├ ƒ /api/transactions/transfer
├ ○ /dashboard
├ ○ /dashboard/bills
├ ƒ /dashboard/card
├ ƒ /dashboard/reports
├ ○ /dashboard/scan
├ ƒ /dashboard/settings
├ ○ /dashboard/transfer
├ ○ /login
└ ○ /register


○  (Static)   prerendered as static content
ƒ  (Dynamic)  server-rendered on demand

